2026-02-27 15:20:37 | INFO | Iniciando simulación raw con 200 hilos
2026-02-27 15:20:37 | id=1 | SUCCESS | OK
2026-02-27 15:20:37 | id=23 | SUCCESS | OK
2026-02-27 15:20:37 | id=2 | SUCCESS | OK
2026-02-27 15:20:37 | id=6 | SUCCESS | OK
2026-02-27 15:20:37 | id=5 | SUCCESS | OK
2026-02-27 15:20:37 | id=76 | SUCCESS | OK
2026-02-27 15:20:37 | id=25 | SUCCESS | OK
2026-02-27 15:20:37 | id=193 | SUCCESS | OK
2026-02-27 15:20:37 | id=3 | SUCCESS | OK
2026-02-27 15:20:37 | id=10 | SUCCESS | OK
2026-02-27 15:20:37 | id=11 | SUCCESS | OK
2026-02-27 15:20:37 | id=9 | SUCCESS | OK
2026-02-27 15:20:37 | id=36 | SUCCESS | OK
2026-02-27 15:20:37 | id=15 | SUCCESS | OK
2026-02-27 15:20:37 | id=14 | SUCCESS | OK
2026-02-27 15:20:37 | id=17 | SUCCESS | OK
2026-02-27 15:20:37 | id=16 | SUCCESS | OK
2026-02-27 15:20:37 | id=13 | SUCCESS | OK
2026-02-27 15:20:37 | id=20 | SUCCESS | OK
2026-02-27 15:20:37 | id=4 | SUCCESS | OK
2026-02-27 15:20:37 | id=19 | SUCCESS | OK
2026-02-27 15:20:37 | id=62 | SUCCESS | OK
2026-02-27 15:20:37 | id=26 | SUCCESS | OK
2026-02-27 15:20:37 | id=77 | SUCCESS | OK
2026-02-27 15:20:37 | id=22 | SUCCESS | OK
2026-02-27 15:20:37 | id=8 | SUCCESS | OK
2026-02-27 15:20:37 | id=33 | SUCCESS | OK
2026-02-27 15:20:37 | id=75 | SUCCESS | OK
2026-02-27 15:20:37 | id=31 | SUCCESS | OK
2026-02-27 15:20:37 | id=28 | SUCCESS | OK
2026-02-27 15:20:37 | id=32 | SUCCESS | OK
2026-02-27 15:20:37 | id=37 | SUCCESS | OK
2026-02-27 15:20:37 | id=78 | SUCCESS | OK
2026-02-27 15:20:37 | id=27 | SUCCESS | OK
2026-02-27 15:20:37 | id=90 | SUCCESS | OK
2026-02-27 15:20:37 | id=18 | SUCCESS | OK
2026-02-27 15:20:37 | id=24 | SUCCESS | OK
2026-02-27 15:20:37 | id=30 | SUCCESS | OK
2026-02-27 15:20:37 | id=45 | SUCCESS | OK
2026-02-27 15:20:37 | id=46 | SUCCESS | OK
2026-02-27 15:20:37 | id=34 | SUCCESS | OK
2026-02-27 15:20:37 | id=43 | SUCCESS | OK
2026-02-27 15:20:37 | id=100 | SUCCESS | OK
2026-02-27 15:20:37 | id=82 | SUCCESS | OK
2026-02-27 15:20:37 | id=130 | SUCCESS | OK
2026-02-27 15:20:37 | id=40 | SUCCESS | OK
2026-02-27 15:20:37 | id=49 | SUCCESS | OK
2026-02-27 15:20:37 | id=38 | SUCCESS | OK
2026-02-27 15:20:37 | id=79 | SUCCESS | OK
2026-02-27 15:20:37 | id=68 | SUCCESS | OK
2026-02-27 15:20:37 | id=54 | SUCCESS | OK
2026-02-27 15:20:37 | id=80 | SUCCESS | OK
2026-02-27 15:20:37 | id=84 | SUCCESS | OK
2026-02-27 15:20:37 | id=167 | SUCCESS | OK
2026-02-27 15:20:37 | id=47 | SUCCESS | OK
2026-02-27 15:20:37 | id=175 | SUCCESS | OK
2026-02-27 15:20:37 | id=127 | SUCCESS | OK
2026-02-27 15:20:37 | id=57 | SUCCESS | OK
2026-02-27 15:20:37 | id=65 | SUCCESS | OK
2026-02-27 15:20:37 | id=58 | SUCCESS | OK
2026-02-27 15:20:37 | id=63 | SUCCESS | OK
2026-02-27 15:20:37 | id=149 | SUCCESS | OK
2026-02-27 15:20:37 | id=64 | SUCCESS | OK
2026-02-27 15:20:37 | id=70 | SUCCESS | OK
2026-02-27 15:20:37 | id=55 | SUCCESS | OK
2026-02-27 15:20:37 | id=74 | SUCCESS | OK
2026-02-27 15:20:37 | id=83 | SUCCESS | OK
2026-02-27 15:20:37 | id=53 | SUCCESS | OK
2026-02-27 15:20:37 | id=44 | SUCCESS | OK
2026-02-27 15:20:37 | id=86 | SUCCESS | OK
2026-02-27 15:20:37 | id=35 | SUCCESS | OK
2026-02-27 15:20:37 | id=73 | SUCCESS | OK
2026-02-27 15:20:37 | id=184 | SUCCESS | OK
2026-02-27 15:20:37 | id=94 | SUCCESS | OK
2026-02-27 15:20:37 | id=180 | SUCCESS | OK
2026-02-27 15:20:37 | id=104 | SUCCESS | OK
2026-02-27 15:20:37 | id=95 | SUCCESS | OK
2026-02-27 15:20:37 | id=89 | SUCCESS | OK
2026-02-27 15:20:37 | id=7 | SUCCESS | OK
2026-02-27 15:20:37 | id=97 | SUCCESS | OK
2026-02-27 15:20:37 | id=48 | SUCCESS | OK
2026-02-27 15:20:37 | id=88 | SUCCESS | OK
2026-02-27 15:20:37 | id=50 | SUCCESS | OK
2026-02-27 15:20:37 | id=109 | SUCCESS | OK
2026-02-27 15:20:37 | id=39 | SUCCESS | OK
2026-02-27 15:20:37 | id=101 | SUCCESS | OK
2026-02-27 15:20:37 | id=91 | SUCCESS | OK
2026-02-27 15:20:37 | id=115 | SUCCESS | OK
2026-02-27 15:20:37 | id=111 | SUCCESS | OK
2026-02-27 15:20:37 | id=56 | SUCCESS | OK
2026-02-27 15:20:37 | id=96 | SUCCESS | OK
2026-02-27 15:20:37 | id=61 | SUCCESS | OK
2026-02-27 15:20:38 | id=120 | SUCCESS | OK
2026-02-27 15:20:38 | id=118 | SUCCESS | OK
2026-02-27 15:20:38 | id=41 | SUCCESS | OK
2026-02-27 15:20:38 | id=107 | SUCCESS | OK
2026-02-27 15:20:38 | id=110 | SUCCESS | OK
2026-02-27 15:20:38 | id=42 | SUCCESS | OK
2026-02-27 15:20:38 | id=99 | SUCCESS | OK
2026-02-27 15:20:38 | id=108 | SUCCESS | OK
2026-02-27 15:20:38 | id=124 | SUCCESS | OK
2026-02-27 15:20:38 | id=116 | SUCCESS | OK
2026-02-27 15:20:38 | id=117 | SUCCESS | OK
2026-02-27 15:20:38 | id=106 | SUCCESS | OK
2026-02-27 15:20:38 | id=113 | SUCCESS | OK
2026-02-27 15:20:38 | id=87 | SUCCESS | OK
2026-02-27 15:20:38 | id=112 | SUCCESS | OK
2026-02-27 15:20:38 | id=119 | SUCCESS | OK
2026-02-27 15:20:38 | id=52 | SUCCESS | OK
2026-02-27 15:20:38 | id=121 | SUCCESS | OK
2026-02-27 15:20:38 | id=81 | SUCCESS | OK
2026-02-27 15:20:38 | id=93 | SUCCESS | OK
2026-02-27 15:20:38 | id=21 | SUCCESS | OK
2026-02-27 15:20:38 | id=103 | SUCCESS | OK
2026-02-27 15:20:38 | id=148 | SUCCESS | OK
2026-02-27 15:20:38 | id=135 | SUCCESS | OK
2026-02-27 15:20:38 | id=125 | SUCCESS | OK
2026-02-27 15:20:38 | id=131 | SUCCESS | OK
2026-02-27 15:20:38 | id=98 | SUCCESS | OK
2026-02-27 15:20:38 | id=128 | SUCCESS | OK
2026-02-27 15:20:38 | id=123 | SUCCESS | OK
2026-02-27 15:20:38 | id=51 | SUCCESS | OK
2026-02-27 15:20:38 | id=132 | SUCCESS | OK
2026-02-27 15:20:38 | id=105 | SUCCESS | OK
2026-02-27 15:20:38 | id=129 | SUCCESS | OK
2026-02-27 15:20:38 | id=145 | SUCCESS | OK
2026-02-27 15:20:38 | id=137 | SUCCESS | OK
2026-02-27 15:20:38 | id=122 | SUCCESS | OK
2026-02-27 15:20:38 | id=126 | SUCCESS | OK
2026-02-27 15:20:38 | id=114 | SUCCESS | OK
2026-02-27 15:20:38 | id=153 | SUCCESS | OK
2026-02-27 15:20:38 | id=151 | SUCCESS | OK
2026-02-27 15:20:38 | id=138 | SUCCESS | OK
2026-02-27 15:20:38 | id=142 | SUCCESS | OK
2026-02-27 15:20:38 | id=143 | SUCCESS | OK
2026-02-27 15:20:38 | id=147 | SUCCESS | OK
2026-02-27 15:20:38 | id=59 | SUCCESS | OK
2026-02-27 15:20:38 | id=12 | SUCCESS | OK
2026-02-27 15:20:38 | id=92 | SUCCESS | OK
2026-02-27 15:20:38 | id=140 | SUCCESS | OK
2026-02-27 15:20:38 | id=152 | SUCCESS | OK
2026-02-27 15:20:38 | id=133 | SUCCESS | OK
2026-02-27 15:20:38 | id=85 | SUCCESS | OK
2026-02-27 15:20:38 | id=154 | SUCCESS | OK
2026-02-27 15:20:38 | id=136 | SUCCESS | OK
2026-02-27 15:20:38 | id=67 | SUCCESS | OK
2026-02-27 15:20:38 | id=159 | SUCCESS | OK
2026-02-27 15:20:38 | id=164 | SUCCESS | OK
2026-02-27 15:20:38 | id=160 | SUCCESS | OK
2026-02-27 15:20:38 | id=150 | SUCCESS | OK
2026-02-27 15:20:38 | id=161 | SUCCESS | OK
2026-02-27 15:20:38 | id=156 | SUCCESS | OK
2026-02-27 15:20:38 | id=146 | SUCCESS | OK
2026-02-27 15:20:38 | id=162 | SUCCESS | OK
2026-02-27 15:20:38 | id=144 | SUCCESS | OK
2026-02-27 15:20:38 | id=141 | SUCCESS | OK
2026-02-27 15:20:38 | id=134 | SUCCESS | OK
2026-02-27 15:20:38 | id=165 | SUCCESS | OK
2026-02-27 15:20:38 | id=158 | SUCCESS | OK
2026-02-27 15:20:38 | id=163 | SUCCESS | OK
2026-02-27 15:20:38 | id=139 | SUCCESS | OK
2026-02-27 15:20:38 | id=60 | SUCCESS | OK
2026-02-27 15:20:38 | id=66 | SUCCESS | OK
2026-02-27 15:20:38 | id=155 | SUCCESS | OK
2026-02-27 15:20:38 | id=169 | SUCCESS | OK
2026-02-27 15:20:38 | id=157 | SUCCESS | OK
2026-02-27 15:20:38 | id=177 | SUCCESS | OK
2026-02-27 15:20:38 | id=171 | SUCCESS | OK
2026-02-27 15:20:38 | id=179 | SUCCESS | OK
2026-02-27 15:20:38 | id=102 | SUCCESS | OK
2026-02-27 15:20:38 | id=176 | SUCCESS | OK
2026-02-27 15:20:38 | id=168 | SUCCESS | OK
2026-02-27 15:20:38 | id=166 | SUCCESS | OK
2026-02-27 15:20:38 | id=71 | SUCCESS | OK
2026-02-27 15:20:38 | id=190 | SUCCESS | OK
2026-02-27 15:20:38 | id=185 | SUCCESS | OK
2026-02-27 15:20:38 | id=181 | SUCCESS | OK
2026-02-27 15:20:38 | id=178 | SUCCESS | OK
2026-02-27 15:20:38 | id=174 | SUCCESS | OK
2026-02-27 15:20:38 | id=192 | SUCCESS | OK
2026-02-27 15:20:38 | id=170 | SUCCESS | OK
2026-02-27 15:20:38 | id=200 | SUCCESS | OK
2026-02-27 15:20:38 | id=197 | SUCCESS | OK
2026-02-27 15:20:38 | id=72 | SUCCESS | OK
2026-02-27 15:20:38 | id=29 | SUCCESS | OK
2026-02-27 15:20:38 | id=189 | SUCCESS | OK
2026-02-27 15:20:38 | id=69 | SUCCESS | OK
2026-02-27 15:20:38 | id=183 | SUCCESS | OK
2026-02-27 15:20:38 | id=199 | SUCCESS | OK
2026-02-27 15:20:38 | id=182 | SUCCESS | OK
2026-02-27 15:20:38 | id=173 | SUCCESS | OK
2026-02-27 15:20:38 | id=172 | SUCCESS | OK
2026-02-27 15:20:38 | id=188 | SUCCESS | OK
2026-02-27 15:20:38 | id=187 | SUCCESS | OK
2026-02-27 15:20:38 | id=195 | SUCCESS | OK
2026-02-27 15:20:38 | id=191 | SUCCESS | OK
2026-02-27 15:20:38 | id=196 | SUCCESS | OK
2026-02-27 15:20:38 | id=186 | SUCCESS | OK
2026-02-27 15:20:38 | id=194 | SUCCESS | OK
2026-02-27 15:20:38 | id=198 | SUCCESS | OK
2026-02-27 15:20:38 | INFO | Tiempo total sin pool: 1848 ms
2026-02-27 15:20:38 | INFO | Resumen raw (200 hilos): 200 exitosas, 0 fallidas, 100.00% éxito, promedio intentos=1.00, tiempo=1849 ms
2026-02-27 15:20:38 | INFO | Simulación completada
